5313FFEFBDFA226755447356343412BEBAFECA
1F
00000080A989FFF75E7D91B32AA2392B1A1A095F5D7F65
657F5D5F091A1A2B39A22AB3917D5EF7FF89A980000000
