AAAAAAAAAAAAAAAAAAAAAAAAAAAAAAAAAAAAAAAAAAAAAAAAAAAAAAAAAAAAAAAAAAAAAAAAAAAAAAAAAAAAAAAAAAAAAAAAAAAAAAAAAAAAAAAAAAAAAAAAAAAA
BBBBBBBBBBBBBBBBBBBBBBBBBBBBBBBBBBBBBBBBBBBBBBBBBBBBBBBBBBBBBBBBBBBBBBBBBB
2ED8822DD8822DD8822DD8822DD8822DD8822DD8822DD8822DD8822DD8822DD8822DD8822DAAAAAAAAAAAAAAAAAAAAAAAAAAAAAAAAAAAAAAAAAAAAAAAAAA7CD2277DD2277DD2277DD2277DD2277DD2277DD2277DD2277DD2277DD2277DD2277DD2277D
-7D27D27D27D27D27D27D27D27D27D27D27D27D27D27D27D27D27D27D27D27D27D27D27D27CAAAAAAAAAAAAAAAAAAAAAAAAAAAAAAAAAAAAAAAAAAAAAAAAAA2D82D82D82D82D82D82D82D82D82D82D82D82D82D82D82D82D82D82D82D82D82D82D82D82E
