5313FFEFBDFA226755447356343412BEBAFECA
1F
7BF545CEAA88E6AC6868247C75FD9501
195FD757C246868ACE688AACE45F57B
