94788987676765454543234578866767654545B3BBBBBBDBDCDCDCDCDCDCDCDCDCDCDCDCDCDCDCDCDCDCDCDCDCDCDCDCACADADADADADADADADADADADADAD5313FFEFBDFA226755447356343412BEBAFECA
1F
CFCECA8A8A86468AF00CCFCECA8A8A66777777B7B9B9B9B9B9B9B9B9B9B9B9B9B9B9B9B9B9B9B9B9B9B9B9B9595B5B5B5B5B5B5B5B5B5B5B5B5BA726FEDF7BF545CEAA88E6AC6868247C75FD9501
195FD757C246868ACE688AACE45F57BDFFE26A75B5B5B5B5B5B5B5B5B5B5B5B5B59B9B9B9B9B9B9B9B9B9B9B9B9B9B9B9B9B9B9B9B9B9B9B9B9B7777777668A8ACACECF0CF08A46868A8ACACECF
