34120000F6E5D4C3B2A1
1A2B3C4D5E6F00002143
489540EB91EDD2912571AE020C1AF93C4CA1662A
-2A66A14C3CF91A0C02AE712591D2ED91EB409548
