DBAF341222FA9999
FFDF9999
25F08D04633482FCEA59295C
5C2959EAFC823463048DF025
