DBAF341222FA9999
1111FFDF9999
8B3852A506E438A1BF06EB59295C
5C2959EB06BFA138E406A552388B
