BEBAFECABEBAFECABEBAFECABEBAFECABEBAFECABEBAFECA
ADDEE1FE0DD0FECAAFBEADDEADBAADDEEFBEADDEEFBEADDE
EF23E3334F150000F103AF13EFFFAE133104AF133104AF13
-13AF043113AF043113AEFFEF13AF03F10000154F33E323EF
