22FA9999
FFDF9999
DEC595F1EA59295C
-5C2959EAF195C5DE
