BEBAFECA2FA1AFAF0F
10
FECA2FA1AFAF0F
-FAFAFA12FCAFE
