0000000010
1111111111
00000000101111111101
1111111111000000000
