AAAAAAAAAAAAAAAAAA1378FB85
15
000040555555555555555575026FBF10
10BF6F02755555555555555555400000
